[2J[H
Estudiantes: ANDRÉS SEBASTIÁN CORAL VALLEJO, JUAN ORJUELA, JAVIER ROSERO, ANGEL ARCOS
--------------------------------------------------------------------------------
ubuntu@ubuntu-vm:~$ uname -a
Linux ubuntu-vm 6.8.0-139-generic #139-Ubuntu SMP PREEMPT_DYNAMIC Sat Aug  1 03:52:05 UTC 2026 x86_64 x86_64 x86_64 GNU/Linux

ubuntu@ubuntu-vm:~$ nproc
4

ubuntu@ubuntu-vm:~$ free -h
               total        used        free      shared  buff/cache   available
Mem:           7.8Gi       445Mi       7.2Gi       1.0Mi       334Mi       7.3Gi
Swap:             0B          0B          0B

ubuntu@ubuntu-vm:~$ lscpu | grep -E 'Model name|Socket|Thread|NUMA|CPU\(s\):'
CPU(s):                                  4
Model name:                              AMD Ryzen 7 260 w/ Radeon 780M Graphics
Thread(s) per core:                      1
Socket(s):                               1
NUMA node(s):                            1
NUMA node0 CPU(s):                       0-3

--------------------------------------------------------------------------------
Estudiantes: ANDRÉS SEBASTIÁN CORAL VALLEJO, JUAN ORJUELA, JAVIER ROSERO, ANGEL ARCOS
