[2J[H
Estudiantes: ANDRÉS SEBASTIÁN CORAL VALLEJO, JUAN ORJUELA, JAVIER ROSERO, ANGEL ARCOS
--------------------------------------------------------------------------------
ubuntu@ubuntu-vm:~$ lsblk
NAME    MAJ:MIN RM  SIZE RO TYPE MOUNTPOINTS
fd0       2:0    1    4K  0 disk 
sda       8:0    0   50G  0 disk 
├─sda1    8:1    0   49G  0 part /
├─sda14   8:14   0    4M  0 part 
├─sda15   8:15   0  106M  0 part /boot/efi
└─sda16 259:0    0  913M  0 part /boot
sr0      11:0    1   66K  1 rom  

ubuntu@ubuntu-vm:~$ df -h / /boot /boot/efi
Filesystem      Size  Used Avail Use% Mounted on
/dev/sda1        48G  1.7G   46G   4% /
/dev/sda16      881M   64M  756M   8% /boot
/dev/sda15      105M  6.2M   99M   6% /boot/efi

ubuntu@ubuntu-vm:~$ du -sh ~
28K	/home/ubuntu

--------------------------------------------------------------------------------
Estudiantes: ANDRÉS SEBASTIÁN CORAL VALLEJO, JUAN ORJUELA, JAVIER ROSERO, ANGEL ARCOS
